[0.028s] Invoking command in '/app/project/build/my_robot_controller': /usr/bin/cmake /app/project/src/my_robot_controller -DCMAKE_INSTALL_PREFIX=/app/project/install/my_robot_controller
[0.141s] -- The C compiler identification is GNU 9.4.0
[0.193s] -- The CXX compiler identification is GNU 9.4.0
[0.197s] -- Check for working C compiler: /usr/bin/cc
[0.267s] -- Check for working C compiler: /usr/bin/cc -- works
[0.268s] -- Detecting C compiler ABI info
[0.337s] -- Detecting C compiler ABI info - done
[0.345s] -- Detecting C compile features
[0.346s] -- Detecting C compile features - done
[0.348s] -- Check for working CXX compiler: /usr/bin/c++
[0.426s] -- Check for working CXX compiler: /usr/bin/c++ -- works
[0.427s] -- Detecting CXX compiler ABI info
[0.505s] -- Detecting CXX compiler ABI info - done
[0.513s] -- Detecting CXX compile features
[0.513s] -- Detecting CXX compile features - done
[0.516s] -- Found ament_cmake: 0.9.12 (/opt/ros/foxy/share/ament_cmake/cmake)
[0.538s] -- Found PythonInterp: /usr/bin/python3 (found suitable version "3.8.10", minimum required is "3") 
[0.538s] -- Using PYTHON_EXECUTABLE: /usr/bin/python3
[0.689s] -- Found rclcpp: 2.4.3 (/opt/ros/foxy/share/rclcpp/cmake)
[0.737s] -- Using all available rosidl_typesupport_c: rosidl_typesupport_fastrtps_c;rosidl_typesupport_introspection_c
[0.745s] -- Found rosidl_adapter: 1.3.1 (/opt/ros/foxy/share/rosidl_adapter/cmake)
[0.853s] -- Found OpenSSL: /usr/lib/x86_64-linux-gnu/libcrypto.so (found version "1.1.1f")  
[0.884s] -- Found FastRTPS: /opt/ros/foxy/include  
[0.964s] -- Using all available rosidl_typesupport_cpp: rosidl_typesupport_fastrtps_cpp;rosidl_typesupport_introspection_cpp
[1.011s] -- Found rmw_implementation_cmake: 1.0.4 (/opt/ros/foxy/share/rmw_implementation_cmake/cmake)
[1.012s] -- Using RMW implementation 'rmw_fastrtps_cpp' as default
[1.013s] -- Looking for pthread.h
[1.084s] -- Looking for pthread.h - found
[1.084s] -- Performing Test CMAKE_HAVE_LIBC_PTHREAD
[1.156s] -- Performing Test CMAKE_HAVE_LIBC_PTHREAD - Failed
[1.156s] -- Looking for pthread_create in pthreads
[1.215s] -- Looking for pthread_create in pthreads - not found
[1.215s] -- Looking for pthread_create in pthread
[1.283s] -- Looking for pthread_create in pthread - found
[1.283s] -- Found Threads: TRUE  
[1.399s] -- Found geometry_msgs: 2.0.5 (/opt/ros/foxy/share/geometry_msgs/cmake)
[1.425s] -- Found ament_lint_auto: 0.9.8 (/opt/ros/foxy/share/ament_lint_auto/cmake)
[1.461s] Error parsing '/app/project/src/my_robot_controller/package.xml':
[1.464s] Traceback (most recent call last):
[1.464s]   File "/usr/lib/python3/dist-packages/catkin_pkg/package.py", line 610, in parse_package_string
[1.464s]     root = dom.parseString(data)
[1.464s]   File "/usr/lib/python3.8/xml/dom/minidom.py", line 1969, in parseString
[1.464s]     return expatbuilder.parseString(string)
[1.464s]   File "/usr/lib/python3.8/xml/dom/expatbuilder.py", line 925, in parseString
[1.464s]     return builder.parseString(string)
[1.464s]   File "/usr/lib/python3.8/xml/dom/expatbuilder.py", line 223, in parseString
[1.464s]     parser.Parse(string, True)
[1.464s] xml.parsers.expat.ExpatError: not well-formed (invalid token): line 2, column 2
[1.464s] 
[1.464s] During handling of the above exception, another exception occurred:
[1.464s] 
[1.464s] Traceback (most recent call last):
[1.464s]   File "/opt/ros/foxy/share/ament_cmake_core/cmake/core/package_xml_2_cmake.py", line 143, in <module>
[1.464s]     main()
[1.464s]   File "/opt/ros/foxy/share/ament_cmake_core/cmake/core/package_xml_2_cmake.py", line 52, in main
[1.464s]     raise e
[1.464s]   File "/opt/ros/foxy/share/ament_cmake_core/cmake/core/package_xml_2_cmake.py", line 48, in main
[1.464s]     package = parse_package_string(
[1.464s]   File "/usr/lib/python3/dist-packages/catkin_pkg/package.py", line 612, in parse_package_string
[1.465s]     raise InvalidPackage('The manifest contains invalid XML:\n%s' % ex, filename)
[1.465s] catkin_pkg.package.InvalidPackage: Error(s) in package '/app/project/src/my_robot_controller/package.xml':
[1.465s] The manifest contains invalid XML:
[1.465s] not well-formed (invalid token): line 2, column 2
[1.468s] CMake Error at /opt/ros/foxy/share/ament_cmake_core/cmake/core/ament_package_xml.cmake:94 (message):
[1.468s]   execute_process(/usr/bin/python3
[1.469s]   /opt/ros/foxy/share/ament_cmake_core/cmake/core/package_xml_2_cmake.py
[1.469s]   /app/project/src/my_robot_controller/package.xml
[1.469s]   /app/project/build/my_robot_controller/ament_cmake_core/package.cmake)
[1.469s]   returned error code 1
[1.469s] Call Stack (most recent call first):
[1.469s]   /opt/ros/foxy/share/ament_cmake_core/cmake/core/ament_package_xml.cmake:49 (_ament_package_xml)
[1.469s]   /opt/ros/foxy/share/ament_lint_auto/cmake/ament_lint_auto_find_test_dependencies.cmake:31 (ament_package_xml)
[1.469s]   CMakeLists.txt:46 (ament_lint_auto_find_test_dependencies)
[1.469s] 
[1.469s] 
[1.471s] -- Configuring incomplete, errors occurred!
[1.471s] See also "/app/project/build/my_robot_controller/CMakeFiles/CMakeOutput.log".
[1.471s] See also "/app/project/build/my_robot_controller/CMakeFiles/CMakeError.log".
[1.478s] Invoked command in '/app/project/build/my_robot_controller' returned '1': /usr/bin/cmake /app/project/src/my_robot_controller -DCMAKE_INSTALL_PREFIX=/app/project/install/my_robot_controller
